
> build · moonshotai/kimi-k3

→ Read scratchpad/kimi-p1-spec.log

$ ls src/protocol/ docs/design/ scratchpad/ 2>/dev/null
docs/design/:
repo-backstop.md
SWARM-BOARD-V2.md
SWARM-CLOUD-UX.md
SWARM-CLOUD-V1.md
SWARM-CLOUD.md

scratchpad/:
kimi-p1-part2-prompt.txt
kimi-p1-spec-part2.log
kimi-p1-spec-prompt.txt
kimi-p1-spec.log
kimi-p2a.log
kimi-p2b.log
kimi-p2c.log
p2a.txt
p2b.txt
p2c.txt

src/protocol/:
commands.ts
events.ts
idempotency.ts
index.ts
reducer.ts
upcasters.ts

→ Read src/protocol/commands.ts
→ Read src/protocol/events.ts
→ Read src/protocol/idempotency.ts
→ Read src/protocol/reducer.ts
→ Read src/protocol/upcasters.ts
→ Read src/protocol/index.ts
→ Read docs/design/SWARM-CLOUD.md [limit=560]
→ Read docs/design/SWARM-CLOUD.md [offset=241, limit=420]
→ Read docs/design/SWARM-CLOUD.md [offset=404, limit=340]
✱ Grep "SPEC GAPS" in scratchpad/kimi-p1-spec.log · 6 matches

$ rg -n "SPEC GAPS" scratchpad/kimi-p1-spec.log
97:- **`expected_seq` / optimistic concurrency fields.** `decide()` has none and needs none: §2.1 gives task commands epoch/version fencing (already in the `Command` union), and the stream-head lock (§5) serializes appends, so there is no CAS-mismatch path to surface. The §2.1 phrase "stream-level `expected_seq` only for stream-level commands" has no defined command class to attach to — see SPEC GAPS #4. Adding a field would be a signature change with no consumer; rejected.
104:**One input-validation gap closed in the wrapper, not the core:** `decide()` bounds `ttl_ms` only to finite-positive. An unbounded lease TTL lets a compromised ≤1h token pin a task for months (recovery only via takeover grant — friction on every task). P1 enforces `0 < ttl_ms ≤ 4h` at wrapper validation (§3 step 6), no core change needed. SPEC GAPS #8 flags that §2.2 itself does not bound lease TTL.
329:Exposed views (owned by `swarm_admin`; each carries its predicate in-view — see SPEC GAPS #2 for why not `security_invoker`):
369:§2.1's "Edge Functions fronting a `handle_command()` transaction" is reconciled with invariant 2 (one `decide()`) as follows: **the transaction orchestrator is TypeScript in the `command` Edge Function (Deno), holding one Postgres transaction** on a pooled connection (transaction-mode pooler) opened as `swarm_command`, calling the unmodified `decide()` / `applyCommand()` / `reduceTask()` in-process, with every oracle and every write executed as parameterized SQL inside that transaction. There is no PL/pgSQL reimplementation. Rejected alternatives: (a) port `decide()` to PL/pgSQL — two authority implementations *will* drift, and the drift surface is the security boundary itself; (b) plv8 in-database — not available on hosted Supabase; (c) decide-at-edge / append-via-RPC without an open transaction — loses atomicity between oracles and append. SPEC GAPS #1 records this reading for the operator.
395:9. **Load decide-state + build `DecideCtx`.** Task projection row (or `null`). Oracles as in-tx prepared reads: `isMember`/`role` → `memberships` (for agents: principal's owner membership + principal unrevoked); `isEligibleRecipient` → user is current member OR principal is current unrevoked principal **of this workspace** (§2.2); `slugTaken` → `tasks` (backstopped by the unique index); `claimRequiresGrant` → `false` at P1 (claim kinds are P2 — SPEC GAPS #3); `evidenceComplete` → non-empty + structurally valid references (full §2.4 verification is P2 — RISK R7); `validTakeoverGrant` → live grant of type `takeover` bound to `{task, current epoch, recipient=caller}`, not revoked/expired/not already in `grant_consumptions`; `validCloseGrant` → dormant at P1 (schema-ready). `now` = `statement_timestamp()`; `nextSeq` = locked head arithmetic; `nextEventId` = `crypto.randomUUID`.
438:| `register_device` / `revoke_device` | human, own devices | global tables (SPEC GAPS #5) + tombstone on revoke | audit (stream events deferred, gap-noted) |
444:**Human login (v1).** Authorization-code + PKCE via Supabase Auth (GoTrue), GitHub OAuth as the v1 provider (repo access is already GitHub-provisioned), external browser, loopback callback on `127.0.0.1:<random high port, retry on collision>`, copy/paste fallback; CLI-generated `state` verified on callback in both paths (Kimi #5). The redirect allowlist entry is an exact-match loopback URL — SPEC GAPS #6 (Supabase allowlist vs random ports). Tokens: access token cached in memory; **rotating refresh credential in the OS keychain** (macOS Keychain / libsecret; headless fallback = `0600` file in `0700` dir with loud warning, hard refusal below that — never unspecified plaintext). Per-device refresh serialization: keychain-held generation number + lockfile; concurrent refresh loses the CAS and retries. Server-side refresh-reuse detection revokes the token family (Kimi #7 — GoTrue capability, SPEC GAPS #7). `swarm devices` / `swarm logout [--device]` hit `revoke_device`, which tombstones the device and cascades to runs/tokens.

## 10. RISK REGISTER

Ranked by (probability × blast radius) at the P1 invited-beta trust level. Boundary = Swarm's containment boundary per §0: INSIDE = Swarm can in principle prevent/detect it; OUTSIDE = documented residual risk the design can only mitigate. R1–R3 are the only risks that can *silently* corrupt or falsely mint authority; everything below them is bounded, detected, or accepted.

| # | Risk | Boundary | Mitigation / honest residual |
|---|---|---|---|
| R1 | **Projection drift**: a `swarm.tasks`/`leases` row stops being `reduceTask`-equivalent to the event stream (bug in step 12 folding, a migration, an operator edit). `decide()` then evaluates false state — a stale epoch looks current, a live lease looks expired → double-acquire or stale close committed as *valid* history. | INSIDE | Projection is the fold by construction (§3.2 step 12); nightly rebuild job re-folds every stream with the same pure `reduceStream` and diffs every projection row; mismatch → `drift_detected` row in `security_alerts` + operator notification. **Rejected:** SQL-trigger-maintained projections (a second reducer implementation — the drift surface becomes the authority itself); hand-patched dual writes (this is exactly the bug class). Residual: drift window ≤ 24h between rebuilds — accepted at P1 volume; tighten cadence if a drift ever fires. |
| R2 | **Check-order regression** in the Edge orchestrator. The §3.2 order (authn → tenancy → revocation → validation → idempotency → lock → decide) is load-bearing but not type-enforceable; a refactor that reads task state before the tenancy proof reopens the cross-tenant existence oracle, and one that returns the idempotent replay before the revocation check hands a revoked principal its stored responses. | INSIDE | §9 order-pinning integration tests: non-member command leaves zero stream rows and an `authz` audit row; revoked principal with a *ledgered* prior command gets 403, never the stored 200; these tests fail on any reorder. The §3.2 numbered order is the review checklist. Residual: TypeScript cannot make order unrepresentable — accepted, covered by the pinned tests. |
| R3 | **`swarm_command` DB password leak** (Edge secret). | INSIDE | Blast radius is pre-bounded by the §2.2 grant matrix: SELECT + minimal DML in `swarm` only; no DELETE on `events`/`audit_log`, no UPDATE on `events` (grant absence *plus* append-only trigger), no DDL, no `auth.*`, no storage, no GoTrue. Constraints (seq PK, slug UNIQUE, grant single-use, FKs) still hold for the leaker — it can mis-authorize within one transaction's logic but cannot rewrite history. Detection: audit-log anomaly + R1 drift check. Response: password rotation + windowed audit review. **Rejected alternative that would make this total:** connecting as `service_role` (§2.2) — one leaked env var = full compromise. |
| R4 | **Compromised human refresh credential / host.** Equivalent to full account compromise until revoked: mint tokens, issue grants, invite, remove members (§2.3 states this plainly). | Theft vector OUTSIDE (laptop/browser/keychain); use INSIDE | Refresh-rotation reuse detection → family revocation (SPEC GAPS #7); per-device revocation with cascade; keychain-only storage + redaction; ≥2 Owners + break-glass so one compromised Owner cannot permanently capture a workspace (§2.6); audit alerts. **Accepted residual:** a live human credential *is* the human — detection speed is the control, not prevention. |
| R5 | **Authority bypass via a second write path** — any future code that INSERTs into `swarm.events` or mutates projections without going through `decide()` (P2 webhook handlers, backfills, operator emergency SQL, the R1 rebuild job itself). Produces invariant violations with no `CommandRejected` history and no audit row. | INSIDE | Doctrine rule: the command function is the only append path; CI grep-gate blocks `INSERT INTO swarm.events` outside the command function's directory; R1 rebuild detects projection-only violations; R1 job is read-compare-alert, never auto-repair (auto-repair would itself be a second writer — divergence between repair and authority is the failure avoided). |
| R6 | **Frozen-core packaging drift**: the Edge bundle resolves the npm-workspace import of `src/protocol/*` to a stale or locally patched copy — a second `decide()` in disguise, violating invariant 2 invisibly. | INSIDE | CI hashes `src/protocol/*` at bundle time; the Edge function logs that hash at cold start; release gate compares bundle hash to repo hash; a mismatch fails the deploy. **Rejected:** vendoring a copy into `supabase/functions/` (guaranteed drift on the first core touch). |
| R7 | **`evidenceComplete` is shallow at P1** (§3.2 step 9): oracle = non-empty + structurally-valid references; the §2.4 provenance-bound verification ships with the artifact plane at P2. A P1 submission/close can cite fabricated evidence strings. | INSIDE, time-boxed | Safe to accept *only because* claim kinds don't exist at P1 (SPEC GAPS #3): `claimRequiresGrant ≡ false`, so no P1 close is represented as evidence-verified, and the `merged` disposition's reachability gate is part of the same P2 machinery. Hard rules: claim-typed tasks cannot be created until P2 flips the oracle; every P1 surface renders dispositions as *recorded, not verified* — any UI implying verification is a bug. |
| R8 | **Event/seq spam via committed domain rejections.** A member — or a compromised worker inside its binding — can mint unbounded `CommandRejected` events: they burn seq, are folded by every client forever, and are idempotency-ledgered. | INSIDE | Per-credential rate buckets → 429 + `security_alerts` (§5); workspace fairness ceiling; revoke + re-mint restores the victim (no lockout, Kimi #13). **Accepted residual:** §8's per-tenant hard caps (events/day et al.) ship at P5; at the invited-beta trust level per-credential buckets + revocation suffice. Forward-registered for P5. |
| R9 | **Compromised ≤1h worker token: in-binding damage window.** It can churn its own task's lease, spam domain rejections (R8), and surrender itself — but cannot escalate (denylist + attenuation-only minting), cannot touch other tasks (run+task+epoch binding), cannot brick the fleet (revocation authority is human-confined). | INSIDE | Bounded by ≤1h TTL (8h hard max), revocation-evaluated-every-command, lineage tombstones, rate buckets. **Accepted residual:** up-to-TTL in-binding noise; this is the deliberate price of the multi-day-fleet renewal design (§2.3), narrowed by lineage-wide revocation. |
| R10 | **GoTrue platform assumptions fail**: hosted Supabase doesn't expose refresh-reuse family revocation or wildcard loopback redirect URLs at the project's plan (SPEC GAPS #6/#7). P1 login security silently degrades — a stolen refresh credential lives indefinitely. | OUTSIDE (platform) | Both are P0 provisioning-inventory checks with recorded fallbacks (pinned port + collision queue; swarm-side device↔session tracking + forced re-auth interval). Gate: P1 login does not ship until both are verified on the actual project, not assumed from docs. |
| R11 | **Human Git credentials and out-of-band infrastructure applies.** Agents inherit human Git credentials; arbitrary writes to unprotected refs and direct `terraform apply`/`psql` are outside every Swarm gate. | OUTSIDE | Mitigated, not eliminated (§0/§2.10): per-epoch branch registration, protected-branch rulesets, deploy secrets held in Swarm/CI custody rather than on agent-reachable laptops, least-privilege cloud credentials. Documented residual risk, carried since §0 — no P1 control claims otherwise. |
| R12 | **Timing side channel on uniform responses.** Reject-before-read keeps the authz path to one indexed EXISTS before any tenant read, and bodies/status are uniform — but the Edge path makes no constant-time guarantee. | INSIDE | **Accepted residual:** the discriminating signal (one indexed lookup) is sub-ms and inside network jitter; §10 tests assert uniform status/body, not timing. The invite-capability path (§4), where enumeration matters most, is a single hash lookup on both the hit and miss branches by construction. |
| R13 | **Pooler protocol mismatch.** Supavisor transaction-mode multiplexing breaks named prepared statements and any session state assumed across statements; a misconfigured session-mode connection would also void the `SET LOCAL` discipline. | INSIDE | Unnamed/simple-protocol statements only, everything scoped to the single open tx; role-pinned `search_path` as backstop over `SET LOCAL`; `statement_timeout` so a stalled tx can't hold the stream-head lock past the client's idempotent retry window; P0 smoke test runs the full §3.2 path through the actual pooler, not a direct connection. |

Not registered here (owned by later phases, noted so nobody reads their absence as oversight): artifact provenance forgery (P2), pre-landing check bypass (P2), reservation abuse (P3), public-signup Sybil exhaustion (P5).

---

## SPEC GAPS

Consolidated list. Each is a decision for the operator, stated as a question with a recommended answer. #1–#8 were referenced inline in sections 0–4; #9–#18 are new.

**#1 — Where does `handle_command()` live?** §2.1 says "Edge Functions fronting a `handle_command()` transaction" without saying whether the transaction orchestrator is a PL/pgSQL function or TypeScript in the Edge Function. This blocks everything downstream: it decides whether `decide()` is *ported* (an authority fork — the two implementations will drift, and the drift surface is the security boundary) or *imported*. **Recommended:** TypeScript orchestrator in the `command` Edge Function holding one pooled Postgres transaction (§3.1); no PL/pgSQL reimplementation; plv8 rejected (not on hosted Supabase); decide-at-edge/append-via-RPC rejected (loses oracle↔append atomicity). Operator confirms or overrides.

**#2 — What mechanism governs the exposed read views?** §2.1 says "RLS governs explicitly exposed human READ views only" without naming the mechanism. On Postgres 15, `security_invoker = true` views apply the *underlying tables'* RLS — and every `swarm.*` table carries zero permissive policies, so security-invoker views return zero rows to everyone (self-DoS). Owner-pinned views bypass RLS and therefore need the predicate written in-view. **Recommended:** `swarm_admin`-owned views, each carrying `is_member(workspace_id, auth.uid())` in-view (§2.3), `security_barrier` where user input is filtered; RLS stays enabled with zero policies as the deny-by-default backstop. Amend §2.1's sentence to name this.

**#3 — Do P1 tasks carry claim kinds?** §2.4's evidence matrix and §2.5's close grants presume a task has a claim kind; no section says how a task acquires one or whether P1 tasks can. `decide()`'s `claimRequiresGrant`/`validCloseGrant` oracles need a defined P1 answer. **Recommended:** P1 tasks carry no claim kind; `claimRequiresGrant ≡ false`; the close-grant path is dormant but schema-ready (`grants.type` already includes `override-close`); the claim-kind column and P2 oracle flip arrive with §2.4's phase.

**#4 — What is a "stream-level command"?** §2.1's concurrency sentence reads "task version + lease epoch (stream-level `expected_seq` only for stream-level commands)" — but no section defines a stream-level command class, and nothing in §2.2/§2.5/§2.6 takes `expected_seq`. Risk: an implementer invents the field and forks the `Command` union to attach it. **Recommended:** record that no stream-level command class exists at P1 — concurrency is the stream-head lock (§5) plus epoch/version fencing — and strike or define the phrase in §2.1.

**#5 — Devices: global table or workspace-stream content?** §2.3 declares `devices` a global identity table (no `workspace_id`); §2.1 lists "devices" among workspace-stream contents. A workspace-stream event requires a `workspace_id` the device row does not have — direct contradiction. **Recommended:** P1 device register/revoke emits audit rows only (§3.4), with `my_devices` as the read surface. If device lifecycle must later be replayable to other members (the P3 board wants cross-member roster), decide then between per-workspace registration rows and per-membership fan-out events — do not retrofit a `workspace_id` onto the global table.

**#6 — Loopback redirect: exact-match registration vs random ports.** §2.3 (Kimi #5) requires both "a random high ephemeral loopback port with retry on collision" and "an exact-match registered loopback redirect." These conflict unless hosted GoTrue supports wildcard ports in redirect URLs. Blocks the login build. **Recommended:** verify on the actual Supabase project that the redirect-URL allowlist accepts a loopback wildcard; if it does not, pin one registered high port with a collision queue and keep copy/paste as the always-works path. Either way this is a P0 provisioning-inventory check, not a code assumption.

**#7 — Is refresh-reuse family revocation available and enabled?** §2.3 (Kimi #7) requires "replay of a rotated refresh token revokes the entire token family" — a GoTrue server capability, not something Swarm code can implement client-side. If the hosted plan doesn't expose it, a stolen refresh credential lives indefinitely (R4/R10). **Recommended:** confirm and enable refresh-token rotation with reuse detection in the project's auth settings; record in the P0 provisioning inventory; fallback if unavailable: swarm-side device↔session tracking plus a forced re-authentication interval.

**#8 — §2.2 does not bound lease TTL.** The table computes `lease expiry = now + ttl` with no maximum; Kimi #23 bounded payload bytes but nothing bounded lease duration. A compromised ≤1h token pinning a task for months defeats the lease's recovery story (takeover-grant friction on every task). **Recommended:** the P1 wrapper enforces `0 < ttl_ms ≤ 4h` (§3 step 6) — renewal is unlimited, so the bound only caps a dead agent's worst-case pin; amend §2.2 to state the bound. Operator confirms 4h as the ceiling.

**#9 — `occurred_at_server` representation.** The P0 envelope carries ms-epoch numbers; the §2.1 schema column is `timestamptz` (µs resolution). Golden replay fixtures and `StoredResponse` byte-equality need a deterministic conversion or replay comparisons drift on sub-ms noise. **Recommended:** write `timestamptz` from `statement_timestamp()`; emit envelope times as `date_trunc('milliseconds')` — ms-floor, never round; amend §2.1 with one line.

**#10 — Concurrent first-execution race on `(principal, command_id)`.** §2.1 defines retry and 409 semantics but not two *simultaneous first* submissions of one key: both miss the step-7 lookup (which runs before the head lock), one commits, and the loser's step-14 ledger INSERT hits the PK — currently an unmapped 500. **Recommended:** `INSERT … ON CONFLICT DO NOTHING RETURNING`; zero rows returned → re-read the stored row, hash-compare, and answer `replayed` or `409` exactly as the sequential path would; add the race to the §9 suite.

**#11 — `min_client_version` semantics.** §2.1 requires "minimum-supported-client version" but never says where the floor lives, that the client sends its version, or what a below-floor client receives; §3.2's `client_version` body field and step-15 response field are otherwise spec-orphans. **Recommended:** floor lives in `swarm.config('min_client_version')`; server semver-compares on every command; below floor → `426 {error:"upgrade_required", min_client_version}` + audit row; bumping the floor is an operator action in the release runbook.

**#12 — Credential wire formats.** §2.3/§7 say agent and invite tokens are "opaque, hashed at rest" without entropy, encoding, prefix, or *what exact string is hashed* — four interoperating implementations (CLI, Edge, board, docs) would otherwise diverge. **Recommended:** 32 bytes from a CSPRNG, base64url; prefixes `swm_agt_` / `swm_inv_`; sha256 over the full presented string including prefix; one line per credential added to §2.3/§7.

**#13 — Is `invitations.email` an authorization input?** §7 binds membership to the verified identity, "never inferred from an email match" — so the schema's `email` column must not gate acceptance, which also means a forwarded link works for any holder. Intended per the capability model, but unstated. **Recommended:** `email` is inviter-side bookkeeping and invite-page rendering only; acceptance ignores it; state this explicitly in §7 so a future hardening pass doesn't add an email-match check that quietly breaks link forwarding. (The alternative — email-bound invites — kills forwarding and is not recommended.)

**#14 — Membership revocation vs live leases.** §2.3 makes a revoked member's commands fail closed, but their live leases persist until TTL expiry, and no section says whether revocation force-ends leases — nor is there a system actor to emit such events. **Recommended:** lapse-by-TTL (bounded ≤4h by #8) plus the takeover grant for urgency; no system-actor events at P1. Board lanes render "revoked" from revocation state, not lease state.

**#15 — The `credentials` table and the GoTrue cascade.** §2.3 lists `credentials` among the global tables; the P1 schema has none (human sessions live entirely in GoTrue). Meanwhile `revoke_device` must cascade to the GoTrue refresh family, which requires the service key — which §2.2 forbade anywhere near the DB path. **Recommended:** no `swarm.credentials` table at P1 (amend §2.3's list or mark it GoTrue-internal); a separate auth-admin module in the Edge deployment holds the service key, scoped to GoTrue admin API calls only, never Postgres. State the split in §2.3.

**#16 — Does an agent act with its owner's role?** §2.2's close/reopen checks consult `ctx.role(caller)`; §2.6 binds roles to humans; §2.3 says token scopes ⊆ human rights. Unstated: the role an *agent* carries into role-gated transitions. "No" means no agent can ever reopen or admin-close even for an Owner — breaking owner-driven fleets; "yes" means an Owner's worker wields admin at task scope. **Recommended:** agents inherit their owner's role for §2.2 transitions, attenuated by the token denylist (which already bars `--force-discard` and the human-only operations); one line in §2.3.

**#17 — Audit-log retention.** §5 mandates the append-only audit log; Kimi #17 fixed idempotency retention at ≥30d; audit retention is unstated, and both R1 forensics and incident review consume it. **Recommended:** `swarm.events` retained forever (it is the authority); `audit_log` retained ≥1 year, then exported to storage archive rather than deleted; the pg_cron purge covers `idempotency_keys` (30d) and `rate_buckets` (hours) and never touches audit or events. Operator confirms the 1-year period.

**#18 — Is snapshot bootstrap in P1 scope?** §2.1 lists "paginated replay + snapshot bootstrap" as one machinery line; the P1 read surface (§2.3) defines only paginated replay. If snapshots are implicitly P1, the read proxy and §9 suite are under-built; if not, §2.1 over-promises. **Recommended:** replay-only at P1 (stream lengths are trivial at invited-beta scale); snapshot tables and format deferred to P3 alongside the board; amend §2.1's phrase to "paginated replay at P1; snapshot bootstrap at P3."
