
> site@0.0.1 build
> npm run sync:installer && astro build


> site@0.0.1 sync:installer
> cp ../install.sh public/install.sh

14:29:39 [vite] Re-optimizing dependencies because vite config has changed
14:29:39 [types] Generated 498ms
14:29:39 [build] output: "static"
14:29:39 [build] mode: "static"
14:29:39 [build] directory: /Users/yulanbot/Developer/Ridge.io/commonswarm-signup/site/dist/
14:29:39 [build] Collecting build info...
14:29:39 [build] ✓ Completed in 570ms.
14:29:39 [build] Building static entrypoints...
14:29:40 [vite] ✓ built in 666ms
14:29:40 [vite] ✓ built in 179ms
14:29:40 [build] Rearranging server assets...

 generating static routes 
14:29:40   ├─ /acceptable-use/index.html (+26ms) 
14:29:40   ├─ /app/index.html (+4ms) 
14:29:40   ├─ /download/index.html (+7ms) 
14:29:40   ├─ /invite/index.html (+2ms) 
14:29:40   ├─ /privacy/index.html (+4ms) 
14:29:40   ├─ /start/index.html (+2ms) 
14:29:40   ├─ /terms/index.html (+3ms) 
14:29:40   ├─ /index.html (+2ms) 
14:29:40 ✓ Completed in 62ms.

14:29:40 [build] ✓ Completed in 939ms.
14:29:40 [build] 8 page(s) built in 1.51s
14:29:40 [build] Complete!
